<html>
<body>
<pre>
<h1>µVision Build Log</h1>
<h2>Project:</h2>
E:\arm32\uart_demo\sensor_node\MDK-ARM\sensor_node.uvprojx
Project File Date:  06/21/2020

<h2>Output:</h2>
Build target 'sensor_node'
compiling main.c...
../Src/main.c(204): warning:  #940-D: missing return statement at end of non-void function "read_MHZ19"
  }
../Src/main.c: 1 warning, 0 errors
linking...
Program Size: Code=10480 RO-data=292 RW-data=40 ZI-data=1240  
FromELF: creating hex file...
"sensor_node\sensor_node.axf" - 0 Error(s), 1 Warning(s).

<h2>Software Packages used:</h2>

Package Vendor: ARM
                http://www.keil.com/pack/ARM.CMSIS.4.1.0.pack
                ARM::CMSIS:CORE:3.30.0
                CMSIS (Cortex Microcontroller Software Interface Standard)
   * Component: CORE Version: 3.30.0

<h2>Collection of Component include folders:</h2>
  E:\arm32\uart_demo\sensor_node\MDK-ARM\RTE
  C:\Keil_v5\ARM\PACK\ARM\CMSIS\4.1.0\CMSIS\Include
  C:\Keil_v5\ARM\PACK\Keil\STM32F1xx_DFP\2.1.0

<h2>Collection of Component Files used:</h2>

   * Component: ARM::CMSIS:CORE:3.30.0
      Source file:   CMSIS\UserCodeTemplates\ARM\ITM_Retarget.c
Load "sensor_node\\sensor_node.axf" 
Error: Flash Download failed  -  Target DLL has been cancelled
Load "sensor_node\\sensor_node.axf" 
Erase Done.
Programming Done.
Verify OK.
</pre>
</body>
</html>
